Hello, World!
Appended text!
